[1/59] AAPL periodic=128
[2/59] ABBV periodic=55
[3/59] ADBE periodic=127
[4/59] AMD periodic=127
[5/59] AMGN periodic=129
[6/59] AMZN periodic=114
[7/59] AVGO periodic=33
[8/59] BA periodic=131
[9/59] BAC periodic=130
[10/59] BMY periodic=130
[11/59] C periodic=125
[12/59] CAT periodic=126
[13/59] CMCSA periodic=95
[14/59] COP periodic=96
[15/59] COST periodic=126
[16/59] CRM periodic=88
[17/59] CSCO periodic=125
[18/59] CVX periodic=128
[19/59] DIS periodic=30
[20/59] F periodic=128
[21/59] GE periodic=124
[22/59] GM periodic=68
[23/59] GOOGL periodic=44
[24/59] GS periodic=107
[25/59] HD periodic=128
[26/59] HON periodic=127
[27/59] IBM periodic=127
[28/59] INTC periodic=131
[29/59] JNJ periodic=128
[30/59] JPM periodic=125
[31/59] KO periodic=128
[32/59] LLY periodic=128
[33/59] LOW periodic=127
[34/59] MCD periodic=129
[35/59] META periodic=57
[36/59] MMM periodic=130
[37/59] MRK periodic=130
[38/59] MS periodic=118
[39/59] MSFT periodic=131
[40/59] MU periodic=128
[41/59] NFLX periodic=97
[42/59] NKE periodic=125
[43/59] NVDA periodic=107
[44/59] ORCL periodic=82
[45/59] PEP periodic=127
[46/59] PFE periodic=129
[47/59] PG periodic=131
[48/59] PYPL periodic=45
[49/59] QCOM periodic=120
[50/59] SBUX periodic=121
[51/59] T periodic=127
[52/59] TSLA periodic=65
[53/59] TXN periodic=127
[54/59] UNH periodic=124
[55/59] UPS periodic=106
[56/59] VZ periodic=128
[57/59] WFC periodic=130
[58/59] WMT periodic=126
[59/59] XOM periodic=129
wrote /home/user/crt/research/sharpe5_options/xs_earnings/periodic.parquet: 6632 rows
